// Jest Snapshot v1, https://goo.gl/fbAQLP

exports[`ParametersBlock ParametersBlock renders correctly with Invalid Type 1`] = `""`;

exports[`ParametersBlock ParametersBlock renders correctly with Valid Type & Autocomplition 1`] = `
<h
  fullheight={false}
  title=" : Champ de saisie 1"
>
  <WithStyles(ForwardRef(Grid))
    item={true}
    lg={12}
    md={12}
    xs={12}
  >
    <AttributesList
      allParameters={null}
      attributes={null}
      currentInputField={null}
      engine={null}
    />
  </WithStyles(ForwardRef(Grid))>
</h>
`;

exports[`ParametersBlock ParametersBlock renders correctly with Valid Type & not Autocomplition 1`] = `
<h
  fullheight={false}
  title=" : Champ de saisie 1"
>
  <WithStyles(ForwardRef(Grid))
    item={true}
    lg={12}
    md={12}
    xs={12}
  >
    <WithStyles(ForwardRef(Grid))
      item={true}
      lg={6}
      md={6}
      xs={6}
    >
      <G
        alt={null}
        disabled={false}
        icon={null}
        id="parameters"
        imageSize="10x10"
        inputType="text"
        label="Parametre lie dans l'url de recherche"
        multiline={false}
        onChange={[Function]}
        options={null}
        order={null}
        placeholder={null}
        selectProps={
          Object {
            "options": undefined,
          }
        }
        size="small"
        type="select"
        value=""
      />
    </WithStyles(ForwardRef(Grid))>
  </WithStyles(ForwardRef(Grid))>
</h>
`;

exports[`ParametersBlock ParametersBlock renders correctly without props 1`] = `""`;
