// Jest Snapshot v1, https://goo.gl/fbAQLP

exports[`EngineChip EngineChip renders correctly with empty engine 1`] = `""`;

exports[`EngineChip EngineChip renders correctly with null engine 1`] = `""`;

exports[`EngineChip EngineChip renders correctly with props 1`] = `
<Fragment>
  <DeleteEngineConfirmationModal
    confirm={[Function]}
    engineName="engine"
    open={false}
    toggle={[Function]}
  />
  <WithStyles(ForwardRef(Chip))
    className="makeStyles-baseStyle-6 makeStyles-statusEnableChip-7"
    label="engine"
    onClick={[Function]}
    onDelete={[Function]}
  />
</Fragment>
`;

exports[`EngineChip EngineChip renders correctly without props 1`] = `""`;
