// Jest Snapshot v1, https://goo.gl/fbAQLP

exports[`DragDeletableChip DragDeletableChip renders correctly without props 1`] = `""`;

exports[`DragDeletableChip DragDeletableChip renders correctly with props 1`] = `
<WithStyles(ForwardRef(Grid))
  item={true}
>
  <Draggable
    draggableId="1"
    index={2}
    key="1"
  >
    <Component />
  </Draggable>
</WithStyles(ForwardRef(Grid))>
`;
