// Jest Snapshot v1, https://goo.gl/fbAQLP

exports[`Scope Form actions RESET_SCOPE_SAVE_ERROR 1`] = `"RESET_SCOPE_SAVE_ERROR"`;

exports[`Scope Form actions RESET_SCOPE_SAVE_SUCCESS 1`] = `"RESET_SCOPE_SAVE_SUCCESS"`;

exports[`Scope Form actions SAVE_CREATE_SCOPE_ERROR 1`] = `"SAVE_CREATE_SCOPE_ERROR"`;

exports[`Scope Form actions SAVE_CREATE_SCOPE_REQUEST 1`] = `"SAVE_CREATE_SCOPE_REQUEST"`;

exports[`Scope Form actions SAVE_CREATE_SCOPE_SUCCESS 1`] = `"SAVE_CREATE_SCOPE_SUCCESS"`;

exports[`Scope Form actions SAVE_EDIT_SCOPE_ERROR 1`] = `"SAVE_EDIT_SCOPE_ERROR"`;

exports[`Scope Form actions SAVE_EDIT_SCOPE_REQUEST 1`] = `"SAVE_EDIT_SCOPE_REQUEST"`;

exports[`Scope Form actions SAVE_EDIT_SCOPE_SUCCESS 1`] = `"SAVE_EDIT_SCOPE_SUCCESS"`;
