// Jest Snapshot v1, https://goo.gl/fbAQLP

exports[`Engine Form actions CREATE_ENGINE_ERROR 1`] = `"CREATE_ENGINE_ERROR"`;

exports[`Engine Form actions CREATE_ENGINE_REQUEST 1`] = `"CREATE_ENGINE_REQUEST"`;

exports[`Engine Form actions CREATE_ENGINE_SUCCESS 1`] = `"CREATE_ENGINE_SUCCESS"`;

exports[`Engine Form actions EDIT_ENGINE_ERROR 1`] = `"EDIT_ENGINE_ERROR"`;

exports[`Engine Form actions EDIT_ENGINE_REQUEST 1`] = `"EDIT_ENGINE_REQUEST"`;

exports[`Engine Form actions EDIT_ENGINE_SUCCESS 1`] = `"EDIT_ENGINE_SUCCESS"`;

exports[`Engine Form actions PREVIEW_ENGINE 1`] = `"PREVIEW_ENGINE"`;

exports[`Engine Form actions RESET_ENGINE_SAVE_ERROR 1`] = `"RESET_ENGINE_SAVE_ERROR"`;

exports[`Engine Form actions RESET_ENGINE_SAVE_SUCCESS 1`] = `"RESET_ENGINE_SAVE_SUCCESS"`;
