// Jest Snapshot v1, https://goo.gl/fbAQLP

exports[`parse enginesGroup returns correct result 1`] = `
Object {
  "createdAt": "2020-06-16T15:35:00.342Z",
  "engines": Object {
    "1": Object {
      "engineId": 1,
      "engineLabel": "engineLabel",
      "engineName": "engine 1",
      "isEnable": true,
      "order": 1,
      "pictogramUrl": "pictogramUrl",
    },
    "2": Object {
      "engineId": 2,
      "engineLabel": "engineLabel 2",
      "engineName": "engine 2",
      "isEnable": false,
      "order": 0,
      "pictogramUrl": "pictogramUrl 2",
    },
  },
  "groupCode": 2,
  "groupId": 1,
  "groupName": "groupName",
  "isEnable": true,
  "modifiedAt": 1592321700342,
}
`;

exports[`parse null returns correct result 1`] = `null`;
