// Jest Snapshot v1, https://goo.gl/fbAQLP

exports[`EnginesList EnginesList renders correctly with engines 1`] = `
<DraggableList
  data={
    Array [
      Object {
        "engineId": 1,
        "engineLabel": "engineLabel",
        "engineName": "engine 1",
        "isEnable": true,
        "order": 0,
        "pictogramUrl": "pictogramUrl",
      },
      Object {
        "engineId": 2,
        "engineLabel": "engineLabel 2",
        "engineName": "engine 2",
        "isEnable": true,
        "order": 1,
        "pictogramUrl": "pictogramUrl 2",
      },
    ]
  }
  droppableId="engines"
  keyExtractor={[Function]}
  onOrderChange={[Function]}
  renderItem={[Function]}
/>
`;

exports[`EnginesList EnginesList renders correctly with null engines 1`] = `""`;
