// Jest Snapshot v1, https://goo.gl/fbAQLP

exports[`SelectEnginesSettings renders correctly 1`] = `
<WithStyles(ForwardRef(Grid))
  container={true}
  direction="column"
>
  <h
    fullheight={false}
    title="Choix des onglets à afficher"
  >
    <WithStyles(ForwardRef(Grid))
      container={true}
    >
      <WithStyles(ForwardRef(Grid))
        item={true}
        lg={8}
        md={8}
        xs={8}
      >
        <f
          config={null}
          fields={
            Array [
              Object {
                "columns": 6,
                "id": "groupName",
                "label": "Nom",
                "type": "input",
              },
              Object {
                "columns": 6,
                "defaultValue": false,
                "id": "isEnable",
                "label": "Groupe actif",
                "type": "switch",
              },
            ]
          }
          inputs={null}
          onChange={[Function]}
          onInit={[Function]}
          title={null}
          values={null}
        />
      </WithStyles(ForwardRef(Grid))>
      <WithStyles(ForwardRef(Grid))
        item={true}
        lg={4}
        md={4}
        xs={4}
      >
        <f
          config={null}
          fields={
            Array [
              Object {
                "id": "groupId",
                "inputType": "number",
                "label": "ID",
                "type": "input",
              },
            ]
          }
          inputs={null}
          onChange={[Function]}
          onInit={[Function]}
          title={null}
          values={null}
        />
      </WithStyles(ForwardRef(Grid))>
    </WithStyles(ForwardRef(Grid))>
    <br />
    <EnginesBlock
      enginesGroup={null}
      handleChange={[Function]}
    />
  </h>
</WithStyles(ForwardRef(Grid))>
`;
