// Jest Snapshot v1, https://goo.gl/fbAQLP

exports[`DeleteScopesConfirmationModal renders correctly 1`] = `
<ConfirmationModal
  confirm={[Function]}
  isOpen={false}
  title="Suppression des gammes"
  toggle={[Function]}
>
  <WithStyles(ForwardRef(Typography))>
    Confirmez-vous la suppression des gammes suivantes : [object Object] ?
  </WithStyles(ForwardRef(Typography))>
</ConfirmationModal>
`;
