// Jest Snapshot v1, https://goo.gl/fbAQLP

exports[`GeneralInformationsSettings renders correctly 1`] = `
<p
  defaultExpanded={true}
  title="Informations Générales"
>
  <WithStyles(ForwardRef(Grid))
    container={true}
    direction="column"
  >
    <h
      fullheight={false}
      title="Moteur de Recherche"
    >
      <WithStyles(ForwardRef(Grid))
        item={true}
        lg={12}
        md={12}
        xs={12}
      >
        <f
          config={null}
          fields={
            Array [
              Object {
                "columns": 4,
                "id": "name",
                "label": "Nom du moteur",
                "type": "input",
              },
              Object {
                "columns": 4,
                "defaultValue": false,
                "id": "isEnable",
                "label": "Moteur active",
                "type": "switch",
              },
              Object {
                "columns": 4,
                "id": "id",
                "inputType": "number",
                "label": "ID Moteur",
                "type": "input",
              },
            ]
          }
          inputs={null}
          onChange={[Function]}
          onInit={[Function]}
          title={null}
          values={null}
        />
      </WithStyles(ForwardRef(Grid))>
    </h>
  </WithStyles(ForwardRef(Grid))>
</p>
`;
