// Jest Snapshot v1, https://goo.gl/fbAQLP

exports[`paginate with correct params returns correct result 1`] = `
Array [
  60,
  61,
  62,
  63,
  64,
  65,
  66,
  67,
  68,
  69,
  70,
  71,
  72,
  73,
  74,
  75,
  76,
  77,
  78,
  79,
]
`;

exports[`paginate with uncorrect (out of range) params returns correct result 1`] = `Array []`;

exports[`paginate without params returns correct result 1`] = `
Array [
  0,
]
`;
