// Jest Snapshot v1, https://goo.gl/fbAQLP

exports[`ScopeChip ScopeChip renders correctly with empty scope 1`] = `""`;

exports[`ScopeChip ScopeChip renders correctly with null scope 1`] = `""`;

exports[`ScopeChip ScopeChip renders correctly with props 1`] = `
<Fragment>
  <DeleteEnginesConfirmationModal
    confirm={[Function]}
    name="scope"
    open={false}
    toggle={[Function]}
  />
  <WithStyles(ForwardRef(Chip))
    className="makeStyles-baseStyle-8 makeStyles-statusEnableChip-9"
    label="scope"
    onClick={[Function]}
    onDelete={[Function]}
  />
</Fragment>
`;

exports[`ScopeChip ScopeChip renders correctly without props 1`] = `""`;
