// Jest Snapshot v1, https://goo.gl/fbAQLP

exports[`parse returns correct result 1`] = `
Array [
  Object {
    "id": 1,
    "modifiedAt": 1586524639323,
    "name": "scope 1",
    "urlTemplate": "baseUrlscope1.com",
  },
  Object {
    "id": 2,
    "modifiedAt": 1586611039323,
    "name": "scope 2",
    "urlTemplate": "baseUrlscope2.com",
  },
  Object {
    "id": 3,
    "modifiedAt": 1586438239323,
    "name": "scope 3",
    "urlTemplate": "baseUrlscope3.com",
  },
]
`;
