// Jest Snapshot v1, https://goo.gl/fbAQLP

exports[`EnginesBlock renders correctly 1`] = `
<Fragment>
  <WithStyles(ForwardRef(Grid))
    container={true}
    spacing={3}
  >
    <WithStyles(ForwardRef(Grid))
      item={true}
      lg={4}
      md={4}
      xs={6}
    >
      <f
        config={null}
        fields={
          Array [
            Object {
              "id": "selectedEngine",
              "label": "Moteur",
              "selectProps": Object {
                "options": Object {},
              },
              "type": "select",
            },
          ]
        }
        inputs={null}
        onChange={[Function]}
        onInit={[Function]}
        title={null}
        values={null}
      />
    </WithStyles(ForwardRef(Grid))>
    <h
      fullheight={false}
      lg={3}
      md={3}
      title={null}
      xs={6}
    >
      <y
        className="makeStyles-ButtonWrapper-1"
        color="tertiary"
        icon={
          Object {
            "$$typeof": Symbol(react.memo),
            "compare": null,
            "displayName": "AddIcon",
            "muiName": "SvgIcon",
            "type": Object {
              "$$typeof": Symbol(react.forward_ref),
              "render": [Function],
            },
          }
        }
        label="AJOUTER UN ONGLET"
        onClick={[Function]}
        size="large"
        variant="contained"
      />
    </h>
  </WithStyles(ForwardRef(Grid))>
  <EnginesList
    enginesGroup={null}
  />
</Fragment>
`;
