// Jest Snapshot v1, https://goo.gl/fbAQLP

exports[`DeleteEnginesConfirmationModal DeleteEnginesConfirmationModal defaultProp functions runs defaultProps.confirm() 1`] = `undefined`;

exports[`DeleteEnginesConfirmationModal DeleteEnginesConfirmationModal defaultProp functions runs defaultProps.toggle() 1`] = `undefined`;

exports[`DeleteEnginesConfirmationModal DeleteEnginesConfirmationModal renders correctly with scopes 1`] = `
<ConfirmationModal
  confirm={[MockFunction]}
  isOpen={true}
  title="Suppression de la gamme"
  toggle={[MockFunction]}
>
  <WithStyles(ForwardRef(Typography))>
    Confirmez-vous la suppression de la gamme  scope ?
  </WithStyles(ForwardRef(Typography))>
</ConfirmationModal>
`;

exports[`DeleteEnginesConfirmationModal DeleteEnginesConfirmationModal renders correctly without props 1`] = `""`;
